[wedesignthemes.com/html/redart/default/index.html]
[backblue.gif]
[fade.gif]
[index.html]
[wedesignthemes.com/html/redart/default/favicon.ico]
[wedesignthemes.com/html/redart/default/style.css]
[wedesignthemes.com/html/redart/default/css/animations.css]
[wedesignthemes.com/html/redart/default/css/shortcodes.css]
[wedesignthemes.com/html/redart/default/skins/red/style.css]
[wedesignthemes.com/html/redart/default/css/isotope.css]
[wedesignthemes.com/html/redart/default/css/prettyPhoto.css]
[wedesignthemes.com/html/redart/default/css/pace.css]
[wedesignthemes.com/html/redart/default/css/responsive.css]
[wedesignthemes.com/html/redart/default/dark/dark.css]
[wedesignthemes.com/html/redart/default/css/font-awesome.min.css]
[wedesignthemes.com/html/redart/default/js/modernizr.js]
[wedesignthemes.com/html/redart/default/index-2.html]
[wedesignthemes.com/html/redart/default/images/logo.png]
[wedesignthemes.com/html/redart/default/about.html]
[wedesignthemes.com/html/redart/default/gallery.html]
[wedesignthemes.com/html/redart/default/gallery-detail.html]
[wedesignthemes.com/html/redart/default/gallery-detail-with-lhs.html]
[wedesignthemes.com/html/redart/default/gallery-detail-with-rhs.html]
[wedesignthemes.com/html/redart/default/shop.html]
[wedesignthemes.com/html/redart/default/shop-detail.html]
[wedesignthemes.com/html/redart/default/shop-cart.html]
[wedesignthemes.com/html/redart/default/shop-checkout.html]
[wedesignthemes.com/html/redart/default/blog.html]
[wedesignthemes.com/html/redart/default/blog-detail.html]
[wedesignthemes.com/html/redart/default/blog-detail-with-lhs.html]
[wedesignthemes.com/html/redart/default/blog-detail-with-rhs.html]
[wedesignthemes.com/html/redart/default/contact.html]
[wedesignthemes.com/html/redart/default/progressbar.html]
[wedesignthemes.com/html/redart/default/buttons.html]
[wedesignthemes.com/html/redart/default/tabs.html]
[wedesignthemes.com/html/redart/default/typography.html]
[wedesignthemes.com/html/redart/default/columns.html]
[wedesignthemes.com/html/redart/default/images/portfolio-images/img-1.jpg]
[wedesignthemes.com/html/redart/default/images/portfolio-images/img-2.jpg]
[wedesignthemes.com/html/redart/default/images/portfolio-images/img-3.jpg]
[wedesignthemes.com/html/redart/default/images/portfolio-images/img-4.jpg]
[wedesignthemes.com/html/redart/default/images/portfolio-images/img-5.jpg]
[wedesignthemes.com/html/redart/default/images/portfolio-images/img-6.jpg]
[wedesignthemes.com/html/redart/default/images/portfolio-images/img-7.jpg]
[wedesignthemes.com/html/redart/default/images/portfolio-images/img-8.jpg]
[wedesignthemes.com/html/redart/default/images/portfolio-images/img-9.jpg]
[wedesignthemes.com/html/redart/default/images/blog-images/blog-img1.jpg]
[wedesignthemes.com/html/redart/default/images/blog-images/blog-img2.jpg]
[wedesignthemes.com/html/redart/default/images/blog-images/blog-img3.jpg]
[wedesignthemes.com/html/redart/default/images/blog-images/blog-img4.jpg]
[wedesignthemes.com/html/redart/default/images/blog-images/blog-img5.jpg]
[wedesignthemes.com/html/redart/default/images/blog-images/blog-img6.jpg]
[wedesignthemes.com/html/redart/default/images/blog-images/blog-img7.jpg]
[wedesignthemes.com/html/redart/default/images/blog-images/blog-img8.jpg]
[wedesignthemes.com/html/redart/default/images/blog-images/blog-img9.jpg]
[wedesignthemes.com/html/redart/default/images/blog-images/blog-img10.jpg]
[wedesignthemes.com/html/redart/default/images/blog-images/blog-img11.jpg]
[wedesignthemes.com/html/redart/default/images/blog-images/blog-img12.jpg]
[wedesignthemes.com/html/redart/default/images/blog-images/blog-img13.jpg]
[wedesignthemes.com/html/redart/default/images/blog-images/blog-img14.jpg]
[wedesignthemes.com/html/redart/default/images/blog-images/blog-img15.jpg]
[wedesignthemes.com/html/redart/default/images/blog-images/blog-img16.jpg]
[wedesignthemes.com/html/redart/default/images/frame-img1.jpg]
[wedesignthemes.com/html/redart/default/images/frame-img2.jpg]
[wedesignthemes.com/html/redart/default/images/frame-img3.jpg]
[wedesignthemes.com/html/redart/default/images/frame-img4.jpg]
[wedesignthemes.com/html/redart/default/images/frame-img5.jpg]
[wedesignthemes.com/html/redart/default/images/about.png]
[wedesignthemes.com/html/redart/default/js/jquery.inview.js]
[wedesignthemes.com/html/redart/default/js/jquery.viewport.js]
[wedesignthemes.com/html/redart/default/js/jquery.isotope.min.js]
[wedesignthemes.com/html/redart/default/js/jsplugins.js]
[wedesignthemes.com/html/redart/default/js/jquery.prettyPhoto.js]
[wedesignthemes.com/html/redart/default/js/jquery.tipTip.minified.js]
[wedesignthemes.com/html/redart/default/js/jquery.validate.min.js]
[wedesignthemes.com/html/redart/default/js/jquery-1.11.2.min.js]
[wedesignthemes.com/html/redart/default/js/jquery.bxslider.min.js]
[wedesignthemes.com/html/redart/default/js/controlpanel.js]
[wedesignthemes.com/html/redart/default/index.html]
[wedesignthemes.com/html/redart/default/css/reset.css]
[wedesignthemes.com/html/redart/default/js/custom.js]
[wedesignthemes.com/html/redart/default/fonts/star.eot]
[wedesignthemes.com/html/redart/default/fonts/stard41d.eot]
[wedesignthemes.com/html/redart/default/fonts/star.woff]
[wedesignthemes.com/html/redart/default/fonts/star.ttf]
[wedesignthemes.com/html/redart/default/fonts/star.svg]
[wedesignthemes.com/html/redart/default/images/splitter.png]
[wedesignthemes.com/html/redart/default/images/slider.jpg]
[wedesignthemes.com/html/redart/default/images/parallax-img.jpg]
[wedesignthemes.com/html/redart/default/images/parallax-img-dark.jpg]
[wedesignthemes.com/html/redart/default/images/copy-right-shape.png]
[wedesignthemes.com/html/redart/default/images/title-line.png]
[wedesignthemes.com/html/redart/default/images/sub-title.png]
[wedesignthemes.com/html/redart/default/images/portfolio-bg.jpg]
[wedesignthemes.com/html/redart/default/PIE.htc]
[wedesignthemes.com/html/redart/default/images/gold-frame.png]
[wedesignthemes.com/html/redart/default/images/wooden-frame.png]
[wedesignthemes.com/html/redart/default/images/steel-frame.png]
[wedesignthemes.com/html/redart/default/images/plastic-frame.png]
[wedesignthemes.com/html/redart/default/images/contact-form-bg.png]
[wedesignthemes.com/html/redart/default/images/ui.totop@2x.png]
[wedesignthemes.com/html/redart/default/images/title-line@2x.png]
[wedesignthemes.com/html/redart/default/style.css]
[wedesignthemes.com/html/redart/default/css/animations.css]
[wedesignthemes.com/html/redart/default/images/service-ico-bg5.png]
[wedesignthemes.com/html/redart/default/css/shortcodes.css]
[wedesignthemes.com/html/redart/default/skins/red/images/ui.totop.png]
[wedesignthemes.com/html/redart/default/skins/red/style.css]
[wedesignthemes.com/html/redart/default/css/isotope.css]
[wedesignthemes.com/html/redart/default/images/prettyPhoto/default/sprite.png]
[wedesignthemes.com/html/redart/default/images/prettyPhoto/default/sprite_x.png]
[wedesignthemes.com/html/redart/default/images/prettyPhoto/default/sprite_y.png]
[wedesignthemes.com/html/redart/default/images/prettyPhoto/default/sprite_next.png]
[wedesignthemes.com/html/redart/default/images/prettyPhoto/default/sprite_prev.png]
[wedesignthemes.com/html/redart/default/images/prettyPhoto/default/default_thumb.png]
[wedesignthemes.com/html/redart/default/images/prettyPhoto/default/loader.gif]
[wedesignthemes.com/html/redart/default/images/prettyPhoto/light_rounded/sprite.png]
[wedesignthemes.com/html/redart/default/images/prettyPhoto/light_rounded/btnNext.png]
[wedesignthemes.com/html/redart/default/images/prettyPhoto/light_rounded/btnPrevious.png]
[wedesignthemes.com/html/redart/default/images/prettyPhoto/dark_rounded/sprite.png]
[wedesignthemes.com/html/redart/default/images/prettyPhoto/dark_rounded/contentPattern.png]
[wedesignthemes.com/html/redart/default/images/prettyPhoto/dark_rounded/btnNext.png]
[wedesignthemes.com/html/redart/default/images/prettyPhoto/dark_rounded/btnPrevious.png]
[wedesignthemes.com/html/redart/default/images/prettyPhoto/dark_rounded/loader.gif]
[wedesignthemes.com/html/redart/default/images/prettyPhoto/dark_square/loader.gif]
[wedesignthemes.com/html/redart/default/images/prettyPhoto/dark_square/sprite.png]
[wedesignthemes.com/html/redart/default/images/prettyPhoto/dark_square/btnNext.png]
[wedesignthemes.com/html/redart/default/images/prettyPhoto/dark_square/btnPrevious.png]
[wedesignthemes.com/html/redart/default/images/prettyPhoto/light_square/sprite.png]
[wedesignthemes.com/html/redart/default/images/prettyPhoto/light_square/btnNext.png]
[wedesignthemes.com/html/redart/default/images/prettyPhoto/light_square/btnPrevious.png]
[wedesignthemes.com/html/redart/default/images/prettyPhoto/facebook/sprite.png]
[wedesignthemes.com/html/redart/default/images/prettyPhoto/facebook/contentPatternTop.png]
[wedesignthemes.com/html/redart/default/images/prettyPhoto/facebook/contentPatternLeft.png]
[wedesignthemes.com/html/redart/default/images/prettyPhoto/facebook/contentPatternRight.png]
[wedesignthemes.com/html/redart/default/images/prettyPhoto/facebook/loader.gif]
[wedesignthemes.com/html/redart/default/images/prettyPhoto/facebook/btnNext.png]
[wedesignthemes.com/html/redart/default/images/prettyPhoto/facebook/btnPrevious.png]
[wedesignthemes.com/html/redart/default/images/prettyPhoto/facebook/contentPatternBottom.png]
[wedesignthemes.com/html/redart/default/images/prettyPhoto/facebook/default_thumbnail.gif]
[wedesignthemes.com/html/redart/default/images/prettyPhoto/light_rounded/loader.gif]
[wedesignthemes.com/html/redart/default/css/prettyPhoto.css]
[wedesignthemes.com/html/redart/default/images/loader-img.png]
[wedesignthemes.com/html/redart/default/css/pace.css]
[wedesignthemes.com/html/redart/default/css/responsive.css]
[wedesignthemes.com/html/redart/default/dark/dark.css]
[wedesignthemes.com/html/redart/default/fonts/fontawesome-webfonte0a5.eot]
[wedesignthemes.com/html/redart/default/fonts/fontawesome-webfontd41d.eot]
[wedesignthemes.com/html/redart/default/fonts/fontawesome-webfonte0a5.woff]
[wedesignthemes.com/html/redart/default/fonts/fontawesome-webfonte0a5.ttf]
[wedesignthemes.com/html/redart/default/fonts/fontawesome-webfonte0a5.woff2]
[wedesignthemes.com/html/redart/default/css/font-awesome.min.css]
[wedesignthemes.com/html/redart/default/index-2.html]
[wedesignthemes.com/html/redart/default/images/about-img.png]
[wedesignthemes.com/cdn-cgi/scripts/5c5dd728/cloudflare-static/email-decode.min.js]
[wedesignthemes.com/html/redart/default/about.html]
[wedesignthemes.com/html/redart/default/fonts/fontawesome-webfonte0a5.svg]
[wedesignthemes.com/html/redart/default/gallery.html]
[wedesignthemes.com/html/redart/default/js/jquery.isotope.perfectmasonry.min.js]
[wedesignthemes.com/html/redart/default/images/service-carousel/img-1.jpg]
[wedesignthemes.com/html/redart/default/images/service-carousel/img-2.jpg]
[wedesignthemes.com/html/redart/default/images/service-carousel/img-3.jpg]
[wedesignthemes.com/html/redart/default/images/service-carousel/img-4.jpg]
[wedesignthemes.com/html/redart/default/images/portfolio-images/img-12.jpg]
[wedesignthemes.com/html/redart/default/images/portfolio-images/img-10.jpg]
[wedesignthemes.com/html/redart/default/js/jquery.tabs.min.js]
[wedesignthemes.com/html/redart/default/gallery-detail.html]
[wedesignthemes.com/html/redart/default/gallery-detail-with-lhs.html]
[wedesignthemes.com/html/redart/default/gallery-detail-with-rhs.html]
[wedesignthemes.com/html/redart/default/js/jquery-migrate.min.js]
[wedesignthemes.com/html/redart/default/images/product-1.jpg]
[wedesignthemes.com/html/redart/default/images/product-2.jpg]
[wedesignthemes.com/html/redart/default/images/product-3.jpg]
[wedesignthemes.com/html/redart/default/images/product-4.jpg]
[wedesignthemes.com/html/redart/default/images/product-5.jpg]
[wedesignthemes.com/html/redart/default/images/product-6.jpg]
[wedesignthemes.com/html/redart/default/images/product-7.jpg]
[wedesignthemes.com/html/redart/default/images/product-8.jpg]
[wedesignthemes.com/html/redart/default/images/product-9.jpg]
[wedesignthemes.com/html/redart/default/images/product-10.jpg]
[wedesignthemes.com/html/redart/default/images/product-11.jpg]
[wedesignthemes.com/html/redart/default/images/product-12.jpg]
[wedesignthemes.com/html/redart/default/images/product-13.jpg]
[wedesignthemes.com/html/redart/default/images/product-14.jpg]
[wedesignthemes.com/html/redart/default/images/product-15.jpg]
[wedesignthemes.com/html/redart/default/js/jquery.dropdown.js]
[wedesignthemes.com/html/redart/default/shop.html]
[wedesignthemes.com/html/redart/default/images/cart-product.jpg]
[wedesignthemes.com/html/redart/default/images/cart-thumb9.jpg]
[wedesignthemes.com/html/redart/default/images/cart-thumb10.jpg]
[wedesignthemes.com/html/redart/default/images/cart-thumb11.jpg]
[wedesignthemes.com/html/redart/default/images/cart-thumb12.jpg]
[wedesignthemes.com/html/redart/default/images/cart-thumb13.jpg]
[wedesignthemes.com/html/redart/default/images/cart-thumb14.jpg]
[wedesignthemes.com/html/redart/default/images/post-img1.jpg]
[wedesignthemes.com/html/redart/default/images/post-img2.jpg]
[wedesignthemes.com/html/redart/default/images/authour.png]
[wedesignthemes.com/html/redart/default/images/cart-thumb1.jpg]
[wedesignthemes.com/html/redart/default/images/cart-thumb2.jpg]
[wedesignthemes.com/html/redart/default/images/cart-thumb3.jpg]
[wedesignthemes.com/html/redart/default/images/cart-thumb4.jpg]
[wedesignthemes.com/html/redart/default/images/cart-thumb5.jpg]
[wedesignthemes.com/html/redart/default/images/cart-thumb6.jpg]
[wedesignthemes.com/html/redart/default/images/cart-thumb7.jpg]
[wedesignthemes.com/html/redart/default/images/cart-thumb8.jpg]
[wedesignthemes.com/html/redart/default/shop-detail.html]
[wedesignthemes.com/html/redart/default/images/top-product1.jpg]
[wedesignthemes.com/html/redart/default/images/top-product2.jpg]
[wedesignthemes.com/html/redart/default/shop-cart.html]
[wedesignthemes.com/html/redart/default/images/paypal.png]
[wedesignthemes.com/html/redart/default/shop-checkout.html]
[wedesignthemes.com/html/redart/default/images/blog1.jpg]
[wedesignthemes.com/html/redart/default/images/blog3.jpg]
[wedesignthemes.com/html/redart/default/video/small.mp3]
[wedesignthemes.com/html/redart/default/images/blog2.jpg]
[wedesignthemes.com/html/redart/default/video/small.webm]
[wedesignthemes.com/html/redart/default/video/small.ogv]
[wedesignthemes.com/html/redart/default/video/small.mp4]
[wedesignthemes.com/html/redart/default/js/jquery.scrollTo.js]
[wedesignthemes.com/html/redart/default/blog.html]
[wedesignthemes.com/html/redart/default/images/blog5.jpg]
[wedesignthemes.com/html/redart/default/images/blog-thumb.jpg]
[wedesignthemes.com/html/redart/default/images/blog-thumb1.jpg]
[wedesignthemes.com/html/redart/default/images/tab-img3.jpg]
[wedesignthemes.com/html/redart/default/images/tab-img4.jpg]
[wedesignthemes.com/html/redart/default/images/post-img3.jpg]
[wedesignthemes.com/html/redart/default/blog-detail.html]
[wedesignthemes.com/html/redart/default/blog-detail-with-lhs.html]
[wedesignthemes.com/html/redart/default/blog-detail-with-rhs.html]
[wedesignthemes.com/html/redart/default/contact.html]
[wedesignthemes.com/html/redart/default/js/jquery.gmap.min.js]
[wedesignthemes.com/html/redart/default/js/jquery.donutchart.js]
[wedesignthemes.com/html/redart/default/js/morris.min.js]
[wedesignthemes.com/html/redart/default/progressbar.html]
[wedesignthemes.com/html/redart/default/buttons.html]
[wedesignthemes.com/html/redart/default/images/tab-img2.jpg]
[wedesignthemes.com/html/redart/default/js/raphael.js]
[wedesignthemes.com/html/redart/default/js/jquery.sparkline.min.js]
[wedesignthemes.com/html/redart/default/images/tab-img1.jpg]
[wedesignthemes.com/html/redart/default/images/toggle-img1.png]
[wedesignthemes.com/html/redart/default/images/toggle-img2.png]
[wedesignthemes.com/html/redart/default/images/toggle-img3.png]
[wedesignthemes.com/html/redart/default/tabs.html]
[wedesignthemes.com/html/redart/default/images/team-img.jpg]
[wedesignthemes.com/html/redart/default/typography.html]
[wedesignthemes.com/html/redart/default/columns.html]
[wedesignthemes.com/html/redart/default/css/reset.css]
[wedesignthemes.com/html/redart/default/fonts/star.svg]
[wedesignthemes.com/html/redart/default/images/splitter.html]
[wedesignthemes.com/html/redart/default/images/parallax-img.html]
[wedesignthemes.com/html/redart/default/images/parallax-img-dark.html]
[wedesignthemes.com/html/redart/default/images/copy-right-shape.html]
[wedesignthemes.com/html/redart/default/PIE.html]
[wedesignthemes.com/html/redart/default/images/ui.totop@2x.html]
[wedesignthemes.com/html/redart/default/fonts/fontawesome-webfonte0a5.svg]
